---
http_interactions:
- request:
    method: get
    uri: https://maps.googleapis.com/maps/api/geocode/json?address=denver,co&key=<GEOCODING_API_KEY
    body:
      encoding: US-ASCII
      string: ''
    headers:
      User-Agent:
      - Faraday v1.0.1
      Accept-Encoding:
      - gzip;q=1.0,deflate;q=0.6,identity;q=0.3
      Accept:
      - "*/*"
  response:
    status:
      code: 200
      message: OK
    headers:
      Content-Type:
      - application/json; charset=UTF-8
      Date:
      - Tue, 09 Jun 2020 04:51:57 GMT
      Pragma:
      - no-cache
      Expires:
      - Fri, 01 Jan 1990 00:00:00 GMT
      Cache-Control:
      - no-cache, must-revalidate
      Vary:
      - Accept-Language
      Access-Control-Allow-Origin:
      - "*"
      X-Goog-Maps-Metro-Area:
      - Denver, CO
      Server:
      - mafe
      X-Xss-Protection:
      - '0'
      X-Frame-Options:
      - SAMEORIGIN
      Server-Timing:
      - gfet4t7; dur=46
      Alt-Svc:
      - h3-27=":443"; ma=2592000,h3-25=":443"; ma=2592000,h3-T050=":443"; ma=2592000,h3-Q050=":443";
        ma=2592000,h3-Q049=":443"; ma=2592000,h3-Q048=":443"; ma=2592000,h3-Q046=":443";
        ma=2592000,h3-Q043=":443"; ma=2592000,quic=":443"; ma=2592000; v="46,43"
      Transfer-Encoding:
      - chunked
    body:
      encoding: ASCII-8BIT
      string: |
        {
           "results" : [
              {
                 "address_components" : [
                    {
                       "long_name" : "Denver",
                       "short_name" : "Denver",
                       "types" : [ "locality", "political" ]
                    },
                    {
                       "long_name" : "Denver County",
                       "short_name" : "Denver County",
                       "types" : [ "administrative_area_level_2", "political" ]
                    },
                    {
                       "long_name" : "Colorado",
                       "short_name" : "CO",
                       "types" : [ "administrative_area_level_1", "political" ]
                    },
                    {
                       "long_name" : "United States",
                       "short_name" : "US",
                       "types" : [ "country", "political" ]
                    }
                 ],
                 "formatted_address" : "Denver, CO, USA",
                 "geometry" : {
                    "bounds" : {
                       "northeast" : {
                          "lat" : 39.91424689999999,
                          "lng" : -104.6002959
                       },
                       "southwest" : {
                          "lat" : 39.614431,
                          "lng" : -105.109927
                       }
                    },
                    "location" : {
                       "lat" : 39.7392358,
                       "lng" : -104.990251
                    },
                    "location_type" : "APPROXIMATE",
                    "viewport" : {
                       "northeast" : {
                          "lat" : 39.91424689999999,
                          "lng" : -104.6002959
                       },
                       "southwest" : {
                          "lat" : 39.614431,
                          "lng" : -105.109927
                       }
                    }
                 },
                 "place_id" : "ChIJzxcfI6qAa4cR1jaKJ_j0jhE",
                 "types" : [ "locality", "political" ]
              }
           ],
           "status" : "OK"
        }
  recorded_at: Tue, 09 Jun 2020 04:51:57 GMT
- request:
    method: get
    uri: https://maps.googleapis.com/maps/api/geocode/json?address=denver,co&key=<GEOCODING_API_KEY
    body:
      encoding: US-ASCII
      string: ''
    headers:
      User-Agent:
      - Faraday v1.0.1
      Accept-Encoding:
      - gzip;q=1.0,deflate;q=0.6,identity;q=0.3
      Accept:
      - "*/*"
  response:
    status:
      code: 200
      message: OK
    headers:
      Content-Type:
      - application/json; charset=UTF-8
      Date:
      - Tue, 09 Jun 2020 04:51:57 GMT
      Pragma:
      - no-cache
      Expires:
      - Fri, 01 Jan 1990 00:00:00 GMT
      Cache-Control:
      - no-cache, must-revalidate
      Vary:
      - Accept-Language
      Access-Control-Allow-Origin:
      - "*"
      X-Goog-Maps-Metro-Area:
      - Denver, CO
      Server:
      - mafe
      X-Xss-Protection:
      - '0'
      X-Frame-Options:
      - SAMEORIGIN
      Server-Timing:
      - gfet4t7; dur=50
      Alt-Svc:
      - h3-27=":443"; ma=2592000,h3-25=":443"; ma=2592000,h3-T050=":443"; ma=2592000,h3-Q050=":443";
        ma=2592000,h3-Q049=":443"; ma=2592000,h3-Q048=":443"; ma=2592000,h3-Q046=":443";
        ma=2592000,h3-Q043=":443"; ma=2592000,quic=":443"; ma=2592000; v="46,43"
      Transfer-Encoding:
      - chunked
    body:
      encoding: ASCII-8BIT
      string: |
        {
           "results" : [
              {
                 "address_components" : [
                    {
                       "long_name" : "Denver",
                       "short_name" : "Denver",
                       "types" : [ "locality", "political" ]
                    },
                    {
                       "long_name" : "Denver County",
                       "short_name" : "Denver County",
                       "types" : [ "administrative_area_level_2", "political" ]
                    },
                    {
                       "long_name" : "Colorado",
                       "short_name" : "CO",
                       "types" : [ "administrative_area_level_1", "political" ]
                    },
                    {
                       "long_name" : "United States",
                       "short_name" : "US",
                       "types" : [ "country", "political" ]
                    }
                 ],
                 "formatted_address" : "Denver, CO, USA",
                 "geometry" : {
                    "bounds" : {
                       "northeast" : {
                          "lat" : 39.91424689999999,
                          "lng" : -104.6002959
                       },
                       "southwest" : {
                          "lat" : 39.614431,
                          "lng" : -105.109927
                       }
                    },
                    "location" : {
                       "lat" : 39.7392358,
                       "lng" : -104.990251
                    },
                    "location_type" : "APPROXIMATE",
                    "viewport" : {
                       "northeast" : {
                          "lat" : 39.91424689999999,
                          "lng" : -104.6002959
                       },
                       "southwest" : {
                          "lat" : 39.614431,
                          "lng" : -105.109927
                       }
                    }
                 },
                 "place_id" : "ChIJzxcfI6qAa4cR1jaKJ_j0jhE",
                 "types" : [ "locality", "political" ]
              }
           ],
           "status" : "OK"
        }
  recorded_at: Tue, 09 Jun 2020 04:51:57 GMT
- request:
    method: get
    uri: https://api.openweathermap.org/data/2.5/onecall?appid=<OPEN_WEATHER_API&exclude=minutely&lat=39.7392358&lon=-104.990251&units=imperial
    body:
      encoding: US-ASCII
      string: ''
    headers:
      User-Agent:
      - Faraday v1.0.1
      Accept-Encoding:
      - gzip;q=1.0,deflate;q=0.6,identity;q=0.3
      Accept:
      - "*/*"
  response:
    status:
      code: 200
      message: OK
    headers:
      Server:
      - openresty
      Date:
      - Tue, 09 Jun 2020 04:51:57 GMT
      Content-Type:
      - application/json; charset=utf-8
      Content-Length:
      - '14433'
      Connection:
      - keep-alive
      X-Cache-Key:
      - "/data/2.5/onecall?exclude=minutely&lat=39.74&lon=-104.99&units=imperial"
      Access-Control-Allow-Origin:
      - "*"
      Access-Control-Allow-Credentials:
      - 'true'
      Access-Control-Allow-Methods:
      - GET, POST
    body:
      encoding: UTF-8
      string: '{"lat":39.74,"lon":-104.99,"timezone":"America/Denver","timezone_offset":-21600,"current":{"dt":1591678316,"sunrise":1591615917,"sunset":1591669595,"temp":52.02,"feels_like":47.28,"pressure":999,"humidity":53,"dew_point":35.44,"uvi":9.2,"clouds":74,"wind_speed":3,"wind_deg":10,"wind_gust":10,"weather":[{"id":803,"main":"Clouds","description":"broken
        clouds","icon":"04n"}]},"hourly":[{"dt":1591675200,"temp":52.02,"feels_like":36.61,"pressure":999,"humidity":53,"dew_point":35.44,"clouds":74,"wind_speed":21.97,"wind_deg":22,"weather":[{"id":803,"main":"Clouds","description":"broken
        clouds","icon":"04n"}]},{"dt":1591678800,"temp":53.64,"feels_like":38.95,"pressure":1004,"humidity":51,"dew_point":35.96,"clouds":76,"wind_speed":20.83,"wind_deg":19,"weather":[{"id":803,"main":"Clouds","description":"broken
        clouds","icon":"04n"}]},{"dt":1591682400,"temp":52.95,"feels_like":37.53,"pressure":1008,"humidity":49,"dew_point":34.34,"clouds":80,"wind_speed":21.68,"wind_deg":9,"weather":[{"id":803,"main":"Clouds","description":"broken
        clouds","icon":"04n"}]},{"dt":1591686000,"temp":51.46,"feels_like":36.37,"pressure":1011,"humidity":55,"dew_point":35.85,"clouds":98,"wind_speed":21.5,"wind_deg":348,"weather":[{"id":500,"main":"Rain","description":"light
        rain","icon":"10n"}],"rain":{"1h":0.77}},{"dt":1591689600,"temp":47.3,"feels_like":33.1,"pressure":1012,"humidity":64,"dew_point":35.76,"clouds":100,"wind_speed":19.91,"wind_deg":5,"weather":[{"id":501,"main":"Rain","description":"moderate
        rain","icon":"10n"}],"rain":{"1h":1.91}},{"dt":1591693200,"temp":47.16,"feels_like":36.79,"pressure":1013,"humidity":61,"dew_point":34.77,"clouds":100,"wind_speed":12.73,"wind_deg":352,"weather":[{"id":501,"main":"Rain","description":"moderate
        rain","icon":"10n"}],"rain":{"1h":2.04}},{"dt":1591696800,"temp":48.34,"feels_like":40.14,"pressure":1014,"humidity":57,"dew_point":34.07,"clouds":100,"wind_speed":8.72,"wind_deg":325,"weather":[{"id":500,"main":"Rain","description":"light
        rain","icon":"10n"}],"rain":{"1h":0.99}},{"dt":1591700400,"temp":47.66,"feels_like":38.95,"pressure":1014,"humidity":61,"dew_point":34.97,"clouds":100,"wind_speed":9.91,"wind_deg":328,"weather":[{"id":501,"main":"Rain","description":"moderate
        rain","icon":"10n"}],"rain":{"1h":1.54}},{"dt":1591704000,"temp":50.76,"feels_like":43.12,"pressure":1015,"humidity":48,"dew_point":31.39,"clouds":100,"wind_speed":7.16,"wind_deg":311,"weather":[{"id":500,"main":"Rain","description":"light
        rain","icon":"10d"}],"rain":{"1h":0.21}},{"dt":1591707600,"temp":49.33,"feels_like":37.47,"pressure":1015,"humidity":54,"dew_point":33.82,"clouds":100,"wind_speed":15.08,"wind_deg":26,"weather":[{"id":500,"main":"Rain","description":"light
        rain","icon":"10d"}],"rain":{"1h":0.29}},{"dt":1591711200,"temp":49.93,"feels_like":38.53,"pressure":1016,"humidity":56,"dew_point":35.04,"clouds":100,"wind_speed":14.67,"wind_deg":11,"weather":[{"id":500,"main":"Rain","description":"light
        rain","icon":"10d"}],"rain":{"1h":0.21}},{"dt":1591714800,"temp":53.26,"feels_like":42.06,"pressure":1016,"humidity":45,"dew_point":32.94,"clouds":100,"wind_speed":13.65,"wind_deg":7,"weather":[{"id":804,"main":"Clouds","description":"overcast
        clouds","icon":"04d"}]},{"dt":1591718400,"temp":56.35,"feels_like":45.97,"pressure":1015,"humidity":38,"dew_point":30.63,"clouds":100,"wind_speed":11.86,"wind_deg":342,"weather":[{"id":804,"main":"Clouds","description":"overcast
        clouds","icon":"04d"}]},{"dt":1591722000,"temp":59.99,"feels_like":50.94,"pressure":1015,"humidity":33,"dew_point":28.69,"clouds":100,"wind_speed":9.42,"wind_deg":358,"weather":[{"id":804,"main":"Clouds","description":"overcast
        clouds","icon":"04d"}]},{"dt":1591725600,"temp":63.75,"feels_like":54.5,"pressure":1015,"humidity":28,"dew_point":25.12,"clouds":100,"wind_speed":9.6,"wind_deg":330,"weather":[{"id":804,"main":"Clouds","description":"overcast
        clouds","icon":"04d"}]},{"dt":1591729200,"temp":65.68,"feels_like":53.76,"pressure":1015,"humidity":26,"dew_point":23.92,"clouds":99,"wind_speed":14.27,"wind_deg":300,"weather":[{"id":804,"main":"Clouds","description":"overcast
        clouds","icon":"04d"}]},{"dt":1591732800,"temp":66.2,"feels_like":47.73,"pressure":1014,"humidity":25,"dew_point":24.42,"clouds":93,"wind_speed":25.77,"wind_deg":305,"weather":[{"id":804,"main":"Clouds","description":"overcast
        clouds","icon":"04d"}]},{"dt":1591736400,"temp":68.27,"feels_like":51.6,"pressure":1013,"humidity":23,"dew_point":23.52,"clouds":70,"wind_speed":22.53,"wind_deg":314,"weather":[{"id":803,"main":"Clouds","description":"broken
        clouds","icon":"04d"}]},{"dt":1591740000,"temp":67.71,"feels_like":51.04,"pressure":1013,"humidity":24,"dew_point":26.04,"clouds":52,"wind_speed":22.64,"wind_deg":310,"weather":[{"id":803,"main":"Clouds","description":"broken
        clouds","icon":"04d"}]},{"dt":1591743600,"temp":66.88,"feels_like":50.23,"pressure":1013,"humidity":25,"dew_point":26.6,"clouds":42,"wind_speed":22.7,"wind_deg":309,"weather":[{"id":802,"main":"Clouds","description":"scattered
        clouds","icon":"03d"}]},{"dt":1591747200,"temp":66.6,"feels_like":50.2,"pressure":1013,"humidity":26,"dew_point":27.27,"clouds":35,"wind_speed":22.44,"wind_deg":304,"weather":[{"id":802,"main":"Clouds","description":"scattered
        clouds","icon":"03d"}]},{"dt":1591750800,"temp":66.2,"feels_like":50.67,"pressure":1014,"humidity":26,"dew_point":27.01,"clouds":0,"wind_speed":20.8,"wind_deg":303,"weather":[{"id":800,"main":"Clear","description":"clear
        sky","icon":"01d"}]},{"dt":1591754400,"temp":64.27,"feels_like":48.97,"pressure":1015,"humidity":28,"dew_point":28.24,"clouds":0,"wind_speed":20.45,"wind_deg":298,"weather":[{"id":800,"main":"Clear","description":"clear
        sky","icon":"01d"}]},{"dt":1591758000,"temp":63.16,"feels_like":49.15,"pressure":1017,"humidity":30,"dew_point":29.89,"clouds":0,"wind_speed":18.32,"wind_deg":292,"weather":[{"id":800,"main":"Clear","description":"clear
        sky","icon":"01n"}]},{"dt":1591761600,"temp":62.74,"feels_like":49.19,"pressure":1018,"humidity":30,"dew_point":30.76,"clouds":0,"wind_speed":17.43,"wind_deg":289,"weather":[{"id":800,"main":"Clear","description":"clear
        sky","icon":"01n"}]},{"dt":1591765200,"temp":61.9,"feels_like":49.21,"pressure":1019,"humidity":31,"dew_point":30.78,"clouds":0,"wind_speed":15.93,"wind_deg":288,"weather":[{"id":800,"main":"Clear","description":"clear
        sky","icon":"01n"}]},{"dt":1591768800,"temp":61.11,"feels_like":49.42,"pressure":1020,"humidity":32,"dew_point":31.15,"clouds":0,"wind_speed":14.14,"wind_deg":282,"weather":[{"id":800,"main":"Clear","description":"clear
        sky","icon":"01n"}]},{"dt":1591772400,"temp":60.37,"feels_like":47.93,"pressure":1021,"humidity":33,"dew_point":31.15,"clouds":0,"wind_speed":15.52,"wind_deg":286,"weather":[{"id":800,"main":"Clear","description":"clear
        sky","icon":"01n"}]},{"dt":1591776000,"temp":59.59,"feels_like":47.44,"pressure":1021,"humidity":34,"dew_point":30.85,"clouds":0,"wind_speed":15.03,"wind_deg":293,"weather":[{"id":800,"main":"Clear","description":"clear
        sky","icon":"01n"}]},{"dt":1591779600,"temp":58.95,"feels_like":49.62,"pressure":1021,"humidity":35,"dew_point":31.21,"clouds":0,"wind_speed":10.04,"wind_deg":296,"weather":[{"id":800,"main":"Clear","description":"clear
        sky","icon":"01n"}]},{"dt":1591783200,"temp":58.19,"feels_like":51.12,"pressure":1022,"humidity":36,"dew_point":31.57,"clouds":1,"wind_speed":6.06,"wind_deg":273,"weather":[{"id":800,"main":"Clear","description":"clear
        sky","icon":"01n"}]},{"dt":1591786800,"temp":57.18,"feels_like":50.95,"pressure":1022,"humidity":38,"dew_point":31.71,"clouds":6,"wind_speed":4.68,"wind_deg":219,"weather":[{"id":800,"main":"Clear","description":"clear
        sky","icon":"01n"}]},{"dt":1591790400,"temp":56.73,"feels_like":49.86,"pressure":1023,"humidity":38,"dew_point":31.66,"clouds":21,"wind_speed":5.7,"wind_deg":202,"weather":[{"id":801,"main":"Clouds","description":"few
        clouds","icon":"02d"}]},{"dt":1591794000,"temp":58.48,"feels_like":51.89,"pressure":1022,"humidity":36,"dew_point":31.82,"clouds":99,"wind_speed":5.26,"wind_deg":231,"weather":[{"id":804,"main":"Clouds","description":"overcast
        clouds","icon":"04d"}]},{"dt":1591797600,"temp":61.41,"feels_like":55.09,"pressure":1022,"humidity":32,"dew_point":31.75,"clouds":63,"wind_speed":4.68,"wind_deg":232,"weather":[{"id":803,"main":"Clouds","description":"broken
        clouds","icon":"04d"}]},{"dt":1591801200,"temp":63.95,"feels_like":57.49,"pressure":1021,"humidity":29,"dew_point":31.41,"clouds":65,"wind_speed":4.9,"wind_deg":222,"weather":[{"id":803,"main":"Clouds","description":"broken
        clouds","icon":"04d"}]},{"dt":1591804800,"temp":66.56,"feels_like":60.44,"pressure":1020,"humidity":27,"dew_point":30.58,"clouds":51,"wind_speed":4.41,"wind_deg":204,"weather":[{"id":803,"main":"Clouds","description":"broken
        clouds","icon":"04d"}]},{"dt":1591808400,"temp":69.73,"feels_like":64.42,"pressure":1019,"humidity":24,"dew_point":29.88,"clouds":40,"wind_speed":2.91,"wind_deg":171,"weather":[{"id":802,"main":"Clouds","description":"scattered
        clouds","icon":"03d"}]},{"dt":1591812000,"temp":72.52,"feels_like":67.32,"pressure":1019,"humidity":21,"dew_point":29.68,"clouds":33,"wind_speed":2.46,"wind_deg":126,"weather":[{"id":802,"main":"Clouds","description":"scattered
        clouds","icon":"03d"}]},{"dt":1591815600,"temp":74.71,"feels_like":69.1,"pressure":1018,"humidity":20,"dew_point":29.28,"clouds":1,"wind_speed":3.38,"wind_deg":88,"weather":[{"id":800,"main":"Clear","description":"clear
        sky","icon":"01d"}]},{"dt":1591819200,"temp":75.99,"feels_like":69.58,"pressure":1018,"humidity":19,"dew_point":29.14,"clouds":1,"wind_speed":4.72,"wind_deg":59,"weather":[{"id":800,"main":"Clear","description":"clear
        sky","icon":"01d"}]},{"dt":1591822800,"temp":77.45,"feels_like":71.42,"pressure":1017,"humidity":18,"dew_point":29.43,"clouds":1,"wind_speed":4,"wind_deg":66,"weather":[{"id":800,"main":"Clear","description":"clear
        sky","icon":"01d"}]},{"dt":1591826400,"temp":78.26,"feels_like":73.31,"pressure":1016,"humidity":18,"dew_point":29.55,"clouds":5,"wind_speed":2.26,"wind_deg":120,"weather":[{"id":800,"main":"Clear","description":"clear
        sky","icon":"01d"}]},{"dt":1591830000,"temp":78.15,"feels_like":69.44,"pressure":1016,"humidity":18,"dew_point":30.56,"clouds":21,"wind_speed":8.9,"wind_deg":167,"weather":[{"id":801,"main":"Clouds","description":"few
        clouds","icon":"02d"}]},{"dt":1591833600,"temp":77.13,"feels_like":67.8,"pressure":1016,"humidity":19,"dew_point":32.85,"clouds":31,"wind_speed":10.11,"wind_deg":191,"weather":[{"id":802,"main":"Clouds","description":"scattered
        clouds","icon":"03d"}]},{"dt":1591837200,"temp":76.35,"feels_like":70.95,"pressure":1017,"humidity":21,"dew_point":33.98,"clouds":39,"wind_speed":3.65,"wind_deg":240,"weather":[{"id":802,"main":"Clouds","description":"scattered
        clouds","icon":"03d"}]},{"dt":1591840800,"temp":73.83,"feels_like":68.25,"pressure":1019,"humidity":24,"dew_point":35.46,"clouds":68,"wind_speed":4.32,"wind_deg":345,"weather":[{"id":803,"main":"Clouds","description":"broken
        clouds","icon":"04d"}]},{"dt":1591844400,"temp":72.03,"feels_like":65.93,"pressure":1020,"humidity":26,"dew_point":36.05,"clouds":78,"wind_speed":5.39,"wind_deg":310,"weather":[{"id":803,"main":"Clouds","description":"broken
        clouds","icon":"04n"}]}],"daily":[{"dt":1591639200,"sunrise":1591615917,"sunset":1591669595,"temp":{"day":52.02,"min":52.02,"max":52.59,"night":52.59,"eve":52.02,"morn":52.02},"feels_like":{"day":36.23,"night":37.18,"eve":36.23,"morn":36.23},"pressure":999,"humidity":53,"dew_point":35.44,"wind_speed":22.64,"wind_deg":13,"weather":[{"id":500,"main":"Rain","description":"light
        rain","icon":"10d"}],"clouds":74,"rain":0.76,"uvi":9.2},{"dt":1591725600,"sunrise":1591702307,"sunset":1591756027,"temp":{"day":63.75,"min":50.83,"max":68.27,"night":61.11,"eve":66.6,"morn":50.83},"feels_like":{"day":54.5,"night":49.42,"eve":50.2,"morn":43.2},"pressure":1015,"humidity":28,"dew_point":25.12,"wind_speed":9.6,"wind_deg":330,"weather":[{"id":501,"main":"Rain","description":"moderate
        rain","icon":"10d"}],"clouds":100,"rain":3.24,"uvi":11.45},{"dt":1591812000,"sunrise":1591788699,"sunset":1591842457,"temp":{"day":72.52,"min":56.73,"max":77.45,"night":68.43,"eve":77.13,"morn":56.73},"feels_like":{"day":67.32,"night":63.27,"eve":67.8,"morn":49.86},"pressure":1019,"humidity":21,"dew_point":29.68,"wind_speed":2.46,"wind_deg":126,"weather":[{"id":802,"main":"Clouds","description":"scattered
        clouds","icon":"03d"}],"clouds":33,"uvi":10.57},{"dt":1591898400,"sunrise":1591875093,"sunset":1591928886,"temp":{"day":79.32,"min":62.65,"max":83.61,"night":72.61,"eve":83.61,"morn":62.65},"feels_like":{"day":73.74,"night":64.74,"eve":78.4,"morn":57.09},"pressure":1023,"humidity":17,"dew_point":28.71,"wind_speed":3.24,"wind_deg":111,"weather":[{"id":800,"main":"Clear","description":"clear
        sky","icon":"01d"}],"clouds":0,"uvi":11.14},{"dt":1591988400,"sunrise":1591961489,"sunset":1592015314,"temp":{"day":84.52,"min":66.34,"max":90.36,"night":72.25,"eve":81.1,"morn":66.34},"feels_like":{"day":79.59,"night":67.24,"eve":73.74,"morn":61.23},"pressure":1020,"humidity":17,"dew_point":35.42,"wind_speed":3.22,"wind_deg":99,"weather":[{"id":500,"main":"Rain","description":"light
        rain","icon":"10d"}],"clouds":0,"rain":1.11,"uvi":12.49},{"dt":1592074800,"sunrise":1592047887,"sunset":1592101740,"temp":{"day":88.41,"min":68.74,"max":91.72,"night":73.06,"eve":80.85,"morn":68.74},"feels_like":{"day":76.86,"night":67.77,"eve":66.42,"morn":63.41},"pressure":1011,"humidity":15,"dew_point":35.35,"wind_speed":14.94,"wind_deg":205,"weather":[{"id":500,"main":"Rain","description":"light
        rain","icon":"10d"}],"clouds":100,"rain":1.27,"uvi":10.58},{"dt":1592161200,"sunrise":1592134287,"sunset":1592188164,"temp":{"day":88.2,"min":67.48,"max":91.76,"night":71.82,"eve":90.7,"morn":67.48},"feels_like":{"day":75.06,"night":65.71,"eve":78.96,"morn":58.78},"pressure":1010,"humidity":11,"dew_point":18.48,"wind_speed":15.79,"wind_deg":231,"weather":[{"id":800,"main":"Clear","description":"clear
        sky","icon":"01d"}],"clouds":2,"uvi":10.53},{"dt":1592247600,"sunrise":1592220688,"sunset":1592274587,"temp":{"day":84.92,"min":68.41,"max":89.83,"night":77.67,"eve":89.78,"morn":68.41},"feels_like":{"day":77.09,"night":71.78,"eve":76.95,"morn":61.21},"pressure":1011,"humidity":13,"dew_point":22.48,"wind_speed":6.73,"wind_deg":27,"weather":[{"id":803,"main":"Clouds","description":"broken
        clouds","icon":"04d"}],"clouds":83,"uvi":11.54}]}'
  recorded_at: Tue, 09 Jun 2020 04:51:57 GMT
- request:
    method: get
    uri: https://maps.googleapis.com/maps/api/geocode/json?address=denver,co&key=<GEOCODING_API_KEY
    body:
      encoding: US-ASCII
      string: ''
    headers:
      User-Agent:
      - Faraday v1.0.1
      Accept-Encoding:
      - gzip;q=1.0,deflate;q=0.6,identity;q=0.3
      Accept:
      - "*/*"
  response:
    status:
      code: 200
      message: OK
    headers:
      Content-Type:
      - application/json; charset=UTF-8
      Date:
      - Tue, 09 Jun 2020 04:51:57 GMT
      Pragma:
      - no-cache
      Expires:
      - Fri, 01 Jan 1990 00:00:00 GMT
      Cache-Control:
      - no-cache, must-revalidate
      Vary:
      - Accept-Language
      Access-Control-Allow-Origin:
      - "*"
      X-Goog-Maps-Metro-Area:
      - Denver, CO
      Server:
      - mafe
      X-Xss-Protection:
      - '0'
      X-Frame-Options:
      - SAMEORIGIN
      Server-Timing:
      - gfet4t7; dur=19
      Alt-Svc:
      - h3-27=":443"; ma=2592000,h3-25=":443"; ma=2592000,h3-T050=":443"; ma=2592000,h3-Q050=":443";
        ma=2592000,h3-Q049=":443"; ma=2592000,h3-Q048=":443"; ma=2592000,h3-Q046=":443";
        ma=2592000,h3-Q043=":443"; ma=2592000,quic=":443"; ma=2592000; v="46,43"
      Transfer-Encoding:
      - chunked
    body:
      encoding: ASCII-8BIT
      string: |
        {
           "results" : [
              {
                 "address_components" : [
                    {
                       "long_name" : "Denver",
                       "short_name" : "Denver",
                       "types" : [ "locality", "political" ]
                    },
                    {
                       "long_name" : "Denver County",
                       "short_name" : "Denver County",
                       "types" : [ "administrative_area_level_2", "political" ]
                    },
                    {
                       "long_name" : "Colorado",
                       "short_name" : "CO",
                       "types" : [ "administrative_area_level_1", "political" ]
                    },
                    {
                       "long_name" : "United States",
                       "short_name" : "US",
                       "types" : [ "country", "political" ]
                    }
                 ],
                 "formatted_address" : "Denver, CO, USA",
                 "geometry" : {
                    "bounds" : {
                       "northeast" : {
                          "lat" : 39.91424689999999,
                          "lng" : -104.6002959
                       },
                       "southwest" : {
                          "lat" : 39.614431,
                          "lng" : -105.109927
                       }
                    },
                    "location" : {
                       "lat" : 39.7392358,
                       "lng" : -104.990251
                    },
                    "location_type" : "APPROXIMATE",
                    "viewport" : {
                       "northeast" : {
                          "lat" : 39.91424689999999,
                          "lng" : -104.6002959
                       },
                       "southwest" : {
                          "lat" : 39.614431,
                          "lng" : -105.109927
                       }
                    }
                 },
                 "place_id" : "ChIJzxcfI6qAa4cR1jaKJ_j0jhE",
                 "types" : [ "locality", "political" ]
              }
           ],
           "status" : "OK"
        }
  recorded_at: Tue, 09 Jun 2020 04:51:57 GMT
recorded_with: VCR 6.0.0
